
> loja-roupa@0.0.0 build
> tsc && vite build

[36mvite v5.4.21 [32mbuilding for production...[36m[39m
transforming...
[32m✓[39m 34 modules transformed.
rendering chunks...
computing gzip size...
[2mdist/[22m[32mindex.html                 [39m[1m[2m  0.68 kB[22m[1m[22m[2m │ gzip:  0.36 kB[22m
[2mdist/[22m[35massets/index-s1G2LlIW.css  [39m[1m[2m 13.60 kB[22m[1m[22m[2m │ gzip:  3.11 kB[22m
[2mdist/[22m[36massets/index-DktvWdfp.js   [39m[1m[2m165.43 kB[22m[1m[22m[2m │ gzip: 51.98 kB[22m
[32m✓ built in 5.25s[39m
